// Jest Snapshot v1, https://goo.gl/fbAQLP

exports[`Header component snapshot testing should render the component 1`] = `ReactWrapper {}`;
