// Jest Snapshot v1, https://goo.gl/fbAQLP

exports[`Sidebar component snapshot testing should render the component 1`] = `
<aside
  className="ant-layout-sider ant-layout-sider-dark ant-layout-sider-collapsed"
  style={
    Object {
      "flex": "0 0 80px",
      "maxWidth": "80px",
      "minWidth": "80px",
      "width": "80px",
    }
  }
>
  <div
    className="ant-layout-sider-children"
  >
    <div
      className="menu-header"
    >
      <img
        alt="logo"
        className="menu-logo"
        src="logo.svg"
      />
      <span
        className="menu-company"
        hidden={true}
      >
        Dega
      </span>
    </div>
    <ul
      className="ant-menu ant-menu-dark ant-menu-inline-collapsed slider-menu ant-menu-root ant-menu-vertical"
      onMouseEnter={[Function]}
      onTransitionEnd={[Function]}
      role="menu"
      style={Object {}}
    >
      <li
        className="ant-menu-item ant-menu-item-only-child"
        onClick={[Function]}
        onMouseEnter={[Function]}
        onMouseLeave={[Function]}
        role="menuitem"
        style={Object {}}
      >
        <a
          href="/apps"
          onClick={[Function]}
        >
          <span
            aria-label="appstore"
            className="anticon anticon-appstore"
            role="img"
          >
            <svg
              aria-hidden="true"
              className=""
              data-icon="appstore"
              fill="currentColor"
              focusable="false"
              height="1em"
              viewBox="64 64 896 896"
              width="1em"
            >
              <path
                d="M464 144H160c-8.8 0-16 7.2-16 16v304c0 8.8 7.2 16 16 16h304c8.8 0 16-7.2 16-16V160c0-8.8-7.2-16-16-16zm-52 268H212V212h200v200zm452-268H560c-8.8 0-16 7.2-16 16v304c0 8.8 7.2 16 16 16h304c8.8 0 16-7.2 16-16V160c0-8.8-7.2-16-16-16zm-52 268H612V212h200v200zM464 544H160c-8.8 0-16 7.2-16 16v304c0 8.8 7.2 16 16 16h304c8.8 0 16-7.2 16-16V560c0-8.8-7.2-16-16-16zm-52 268H212V612h200v200zm452-268H560c-8.8 0-16 7.2-16 16v304c0 8.8 7.2 16 16 16h304c8.8 0 16-7.2 16-16V560c0-8.8-7.2-16-16-16zm-52 268H612V612h200v200z"
              />
            </svg>
          </span>
          <span>
            Apps
          </span>
        </a>
      </li>
      <li
        className="ant-menu-item ant-menu-item-only-child"
        onClick={[Function]}
        onMouseEnter={[Function]}
        onMouseLeave={[Function]}
        role="menuitem"
        style={Object {}}
      >
        <a
          href="/settings"
          onClick={[Function]}
        >
          <span
            aria-label="pie-chart"
            className="anticon anticon-pie-chart"
            role="img"
          >
            <svg
              aria-hidden="true"
              className=""
              data-icon="pie-chart"
              fill="currentColor"
              focusable="false"
              height="1em"
              viewBox="64 64 896 896"
              width="1em"
            >
              <path
                d="M864 518H506V160c0-4.4-3.6-8-8-8h-26a398.46 398.46 0 00-282.8 117.1 398.19 398.19 0 00-85.7 127.1A397.61 397.61 0 0072 552a398.46 398.46 0 00117.1 282.8c36.7 36.7 79.5 65.6 127.1 85.7A397.61 397.61 0 00472 952a398.46 398.46 0 00282.8-117.1c36.7-36.7 65.6-79.5 85.7-127.1A397.61 397.61 0 00872 552v-26c0-4.4-3.6-8-8-8zM705.7 787.8A331.59 331.59 0 01470.4 884c-88.1-.4-170.9-34.9-233.2-97.2C174.5 724.1 140 640.7 140 552c0-88.7 34.5-172.1 97.2-234.8 54.6-54.6 124.9-87.9 200.8-95.5V586h364.3c-7.7 76.3-41.3 147-96.6 201.8zM952 462.4l-2.6-28.2c-8.5-92.1-49.4-179-115.2-244.6A399.4 399.4 0 00589 74.6L560.7 72c-4.7-.4-8.7 3.2-8.7 7.9V464c0 4.4 3.6 8 8 8l384-1c4.7 0 8.4-4 8-8.6zm-332.2-58.2V147.6a332.24 332.24 0 01166.4 89.8c45.7 45.6 77 103.6 90 166.1l-256.4.7z"
              />
            </svg>
          </span>
          <span>
            Settings
          </span>
        </a>
      </li>
      <li
        className="ant-menu-item ant-menu-item-only-child"
        onClick={[Function]}
        onMouseEnter={[Function]}
        onMouseLeave={[Function]}
        role="menuitem"
        style={Object {}}
      >
        <a
          href="/users"
          onClick={[Function]}
        >
          <span
            aria-label="pie-chart"
            className="anticon anticon-pie-chart"
            role="img"
          >
            <svg
              aria-hidden="true"
              className=""
              data-icon="pie-chart"
              fill="currentColor"
              focusable="false"
              height="1em"
              viewBox="64 64 896 896"
              width="1em"
            >
              <path
                d="M864 518H506V160c0-4.4-3.6-8-8-8h-26a398.46 398.46 0 00-282.8 117.1 398.19 398.19 0 00-85.7 127.1A397.61 397.61 0 0072 552a398.46 398.46 0 00117.1 282.8c36.7 36.7 79.5 65.6 127.1 85.7A397.61 397.61 0 00472 952a398.46 398.46 0 00282.8-117.1c36.7-36.7 65.6-79.5 85.7-127.1A397.61 397.61 0 00872 552v-26c0-4.4-3.6-8-8-8zM705.7 787.8A331.59 331.59 0 01470.4 884c-88.1-.4-170.9-34.9-233.2-97.2C174.5 724.1 140 640.7 140 552c0-88.7 34.5-172.1 97.2-234.8 54.6-54.6 124.9-87.9 200.8-95.5V586h364.3c-7.7 76.3-41.3 147-96.6 201.8zM952 462.4l-2.6-28.2c-8.5-92.1-49.4-179-115.2-244.6A399.4 399.4 0 00589 74.6L560.7 72c-4.7-.4-8.7 3.2-8.7 7.9V464c0 4.4 3.6 8 8 8l384-1c4.7 0 8.4-4 8-8.6zm-332.2-58.2V147.6a332.24 332.24 0 01166.4 89.8c45.7 45.6 77 103.6 90 166.1l-256.4.7z"
              />
            </svg>
          </span>
          <span>
            Users
          </span>
        </a>
      </li>
    </ul>
  </div>
</aside>
`;
