// Jest Snapshot v1, https://goo.gl/fbAQLP

exports[`Organisations index component snapshot testing should render the component 1`] = `ShallowWrapper {}`;
